<html>
<body>
<pre>
<h1>µVision Build Log</h1>
<h2>Tool Versions:</h2>
IDE-Version: ÂµVision V5.14.0.0
Copyright (C) 2015 ARM Ltd and ARM Germany GmbH. All rights reserved.
License Information: ali amigh, mrdepp, LIC=3UUHL-0YN2V-15STV-PWKZT-0RQ7H-UEX8B
 
Tool Versions:
Toolchain:       MDK-ARM Professional  Version: 5.14.0.0
Toolchain Path:  d:\Keil_v5\ARM\ARMCC\Bin
C Compiler:      Armcc.exe V5.05 update 1 (build 106)
Assembler:       Armasm.exe V5.05 update 1 (build 106)
Linker/Locator:  ArmLink.exe V5.05 update 1 (build 106)
Library Manager: ArmAr.exe V5.05 update 1 (build 106)
Hex Converter:   FromElf.exe V5.05 update 1 (build 106)
CPU DLL:         SARMCM3.DLL V5.14.0.0
Dialog DLL:      DARMCM1.DLL V1.12.0.0
Target DLL:      STLink\ST-LINKIII-KEIL_SWO.dll V2.0.14.0_KEIL
Dialog DLL:      TARMCM1.DLL V1.9.0.0
 
<h2>Project:</h2>
F:\amoozesh\PROJECT\hardtech\github\Calcul8\CUBEMX\calculate_stm32f030f\MDK-ARM\calculate_stm32f030f.uvprojx
Project File Date:  02/01/2019

<h2>Output:</h2>
Build target 'calculate_stm32f030f'
compiling main.c...
../Src/main.c(107): warning:  #223-D: function "strlen" declared implicitly
                return strlen(pm);
../Src/main.c(93): warning:  #177-D: variable "part1" was declared but never referenced
        char part1[250];
../Src/main.c(415): warning:  #223-D: function "strlen" declared implicitly
                                int len =strlen(sum_print);
../Src/main.c(238): warning:  #177-D: variable "muxinput" was declared but never referenced
        uint8_t muxinput[6];
../Src/main.c(241): warning:  #177-D: variable "print" was declared but never referenced
        char print[300];
../Src/main.c(243): warning:  #550-D: variable "mu2_counter" was set but never used
        int mu2_counter,mu1_counter,mu12_counter,mu_valid;
../Src/main.c(243): warning:  #177-D: variable "mu12_counter" was declared but never referenced
        int mu2_counter,mu1_counter,mu12_counter,mu_valid;
../Src/main.c(243): warning:  #550-D: variable "mu_valid" was set but never used
        int mu2_counter,mu1_counter,mu12_counter,mu_valid;
../Src/main.c(244): warning:  #177-D: variable "mu1_list" was declared but never referenced
        int mu1_list[10],mu2_list[10];
../Src/main.c(244): warning:  #177-D: variable "mu2_list" was declared but never referenced
        int mu1_list[10],mu2_list[10];
../Src/main.c(246): warning:  #550-D: variable "numbers" was set but never used
        int numbers[15];
../Src/main.c(248): warning:  #177-D: variable "test" was declared but never referenced
        int test,scale;
../Src/main.c: 12 warnings, 0 errors
linking...
Program Size: Code=13678 RO-data=594 RW-data=20 ZI-data=1220  
"calculate_stm32f030f\calculate_stm32f030f.axf" - 0 Error(s), 12 Warning(s).

<h2>Software Packages used:</h2>

Package Vendor: ARM
                http://www.keil.com/pack/ARM.CMSIS.4.2.0.pack
                ARM::CMSIS:CORE:3.40.0
                CMSIS (Cortex Microcontroller Software Interface Standard)
   * Component: CORE Version: 3.40.0

<h2>Collection of Component include folders:</h2>
  F:\amoozesh\PROJECT\hardtech\github\Calcul8\CUBEMX\calculate_stm32f030f\MDK-ARM\RTE
  d:\Keil_v5\ARM\PACK\ARM\CMSIS\4.2.0\CMSIS\Include
  d:\Keil_v5\ARM\PACK\Keil\STM32F0xx_DFP\2.0.0

<h2>Collection of Component Files used:</h2>

   * Component: ARM::CMSIS:CORE:3.40.0
      Source file:   CMSIS\UserCodeTemplates\ARM\ITM_Retarget.c
</pre>
</body>
</html>
